---
source: traceconf/tests/it/output.rs
expression: output
---

